// Jest Snapshot v1, https://goo.gl/fbAQLP

exports[`<Todo /> snapshot for Todo component 1`] = `"<section class=\\"section\\"><div class=\\"container\\"><header><div class=\\"product-name\\">Product name</div><div class=\\"mail\\">test@mail.ru</div></header><nav class=\\"level is-mobile\\"><div class=\\"level-item has-text-centered\\"><div class=\\"application field\\"><div class=\\"field\\"><input type=\\"text\\" id=\\"inputText\\" class=\\"application_input input\\" placeholder=\\"Enter text\\"/></div><div class=\\"list-items\\">Список пуст</div><button class=\\"application_button button\\">Add</button><button class=\\"application_button button\\">Remove</button></div></div></nav><footer><div class=\\"copyright\\">copyright</div></footer></div></section>"`;
